// Jest Snapshot v1, https://goo.gl/fbAQLP

exports[`ConfirmationDialogContext has context data 1`] = `
<DocumentFragment>
  <div>
    <div
      class="title"
    >
      This is my title
    </div>
    <div
      class="content"
    >
      This is my content
    </div>
    <div
      class="confirmed"
    >
      true
    </div>
    <div
      class="open"
    >
      true
    </div>
  </div>
</DocumentFragment>
`;
