// Jest Snapshot v1, https://goo.gl/fbAQLP

exports[`Header while user logged out renders only logo 1`] = `
<DocumentFragment>
  <header
    class="PodBrowser-header-banner"
  >
    <div
      class="PodBrowser-logoContainer"
    >
      <a
        data-testid="header-banner-logo"
        href="/"
      >
        <img
          alt="Inrupt PodBrowser"
          class="PodBrowser-header-banner__logo-image"
          height="40"
          src="/inrupt_logo-2020.svg"
        />
      </a>
    </div>
  </header>
</DocumentFragment>
`;

exports[`Header with user logged in renders a header 1`] = `
<DocumentFragment>
  <header
    class="PodBrowser-header-banner"
  >
    <div
      class="PodBrowser-logoContainer"
    >
      <a
        data-testid="header-banner-logo"
        href="/"
      >
        <img
          alt="Inrupt PodBrowser"
          class="PodBrowser-header-banner__logo-image"
          height="40"
          src="/inrupt_logo-2020.svg"
        />
      </a>
    </div>
    <div
      class="PodBrowser-hamburgerMenu"
      data-testid="menu-drawer"
    >
      <button
        class="PodBrowser-root PodBrowser-root PodBrowser-text"
        data-testid="menu-drawer-button"
        tabindex="0"
        type="button"
      >
        <span
          class="PodBrowser-label"
        >
          <span
            aria-label="Menu"
            class="PodBrowser-icon-bars"
          />
        </span>
        <span
          class="PodBrowser-root"
        />
      </button>
    </div>
    <div
      class="PodBrowser-main-nav-container"
    >
      <nav
        class="PodBrowser-main-nav"
        data-testid="main-nav"
      >
        <ul
          class="PodBrowser-main-nav__list"
        >
          <li
            class="PodBrowser-main-nav__item"
          >
            <a
              class="PodBrowser-main-nav__link"
              data-testid="main-menu-files"
              href="/"
            >
              <span
                class="PodBrowser-icon-files PodBrowser-main-nav__icon"
              />
              <span
                class="PodBrowser-main-nav__label"
              >
                Files
              </span>
            </a>
          </li>
          <li
            class="PodBrowser-main-nav__item"
          >
            <a
              class="PodBrowser-main-nav__link"
              data-testid="main-menu-contacts"
              href="/contacts"
            >
              <span
                class="PodBrowser-icon-address-book PodBrowser-main-nav__icon"
              />
              <span
                class="PodBrowser-main-nav__label"
              >
                Contacts
              </span>
            </a>
          </li>
          <li
            class="PodBrowser-main-nav__item"
          >
            <a
              class="PodBrowser-main-nav__link"
              data-testid="main-menu-bookmarks"
              href="/bookmarks"
            >
              <span
                class="PodBrowser-icon-star PodBrowser-main-nav__icon"
              />
              <span
                class="PodBrowser-main-nav__label"
              >
                Bookmarks
              </span>
            </a>
          </li>
        </ul>
      </nav>
    </div>
    <div
      class="PodBrowser-userMenu"
      data-testid="user-menu"
    >
      <div
        class="PodBrowser-user-menu"
      >
        <button
          aria-controls="UserMenu"
          aria-expanded="false"
          aria-haspopup="true"
          class="PodBrowser-user-menu__trigger PodBrowser-userMenu__trigger"
          data-testid="user-menu-button"
          type="button"
        >
          <span
            class="PodBrowser-user-menu__trigger-profile-image"
            style="background-image: url(http://alice.example.com/alice.jpg);"
          >
            Â 
          </span>
          <span
            class="PodBrowser-user-menu__trigger-label"
          >
            Alice
          </span>
          <span
            class="PodBrowser-icon-caret-down PodBrowser-user-menu__trigger-chevron PodBrowser-user-menu__trigger-chevron--show"
          />
          <span
            class="PodBrowser-icon-caret-up PodBrowser-user-menu__trigger-chevron"
          />
        </button>
        <div
          aria-hidden="true"
          class="PodBrowser-user-menu__popup"
          id="UserMenu"
        >
          <ul
            class="PodBrowser-user-menu__list"
          >
            <li
              class="PodBrowser-user-menu__list-item"
            >
              <a
                class="PodBrowser-user-menu__list-item-trigger"
                data-testid="user-menu-profile"
              >
                <span
                  class="PodBrowser-icon-user PodBrowser-user-menu__list-item-icon"
                />
                <span
                  class="PodBrowser-user-menu__list-item-label"
                >
                  Profile
                </span>
              </a>
            </li>
            <li
              class="PodBrowser-user-menu__list-item"
            >
              <button
                class="PodBrowser-user-menu__list-item-trigger"
                data-testid="user-menu-logout"
                type="button"
              >
                <span
                  class="PodBrowser-icon-log-out PodBrowser-user-menu__list-item-icon"
                />
                <span
                  class="PodBrowser-user-menu__list-item-label"
                >
                  Log out
                </span>
              </button>
            </li>
          </ul>
        </div>
      </div>
    </div>
  </header>
</DocumentFragment>
`;
