// Jest Snapshot v1, https://goo.gl/fbAQLP

exports[`Agent show page Renders the Agent show page 1`] = `
<DocumentFragment>
  <div
    class="PodBrowser-container"
  >
    <nav
      class="PodBrowser-back-to-nav"
    >
      <span
        class="PodBrowser-icon-caret-left PodBrowser-back-to-nav__caret"
      />
      <a
        class="PodBrowser-back-to-nav__link"
        href="/privacy"
      >
        Back to privacy
      </a>
    </nav>
  </div>
  <div
    class="PodBrowser-container"
  >
    <div
      class="PodBrowser-root PodBrowser-elevation1 PodBrowser-rounded"
      style="margin-top: 1em;"
    >
      <div
        class="PodBrowser-root PodBrowser-root"
      >
        <div
          class="PodBrowser-root PodBrowser-root"
        >
          <div
            class="PodBrowser-root PodBrowser-root"
          >
            <div
              class="PodBrowser-root PodBrowser-circle PodBrowser-avatar PodBrowser-colorDefault"
            >
              <div
                class="PodBrowser-root PodBrowser-circle PodBrowser-avatar PodBrowser-colorDefault"
              >
                <svg
                  aria-hidden="true"
                  class="PodBrowser-root PodBrowser-fallback"
                  focusable="false"
                  viewBox="0 0 24 24"
                >
                  <path
                    d="M12 12c2.21 0 4-1.79 4-4s-1.79-4-4-4-4 1.79-4 4 1.79 4 4 4zm0 2c-2.67 0-8 1.34-8 4v2h16v-2c0-2.66-5.33-4-8-4z"
                  />
                </svg>
              </div>
            </div>
          </div>
          <div
            class="PodBrowser-root PodBrowser-root"
          >
            <h3
              data-testid="profile-name-title"
            >
              <span
                class="PodBrowser-avatarText"
              >
                Alice
              </span>
              <a
                class="PodBrowser-headerLink"
                href="https://example.com/profile/card#me"
                rel="noreferrer"
                target="_blank"
              >
                https://example.com/profile/card#me
              </a>
            </h3>
          </div>
        </div>
        <hr />
        <div
          class="PodBrowser-root PodBrowser-root"
        >
          <div
            class="PodBrowser-root PodBrowser-root"
          >
            <label
              class="PodBrowser-root PodBrowser-root PodBrowser-animated"
              data-testid="profile-name-title"
            >
              Name
            </label>
            <span
              data-testid="profile-name-field"
            >
              Alice
            </span>
          </div>
          <div
            class="PodBrowser-root PodBrowser-root"
          >
            <label
              class="PodBrowser-root PodBrowser-root PodBrowser-animated"
            >
              Role
            </label>
            <span />
          </div>
          <div
            class="PodBrowser-root PodBrowser-root"
          >
            <label
              class="PodBrowser-root PodBrowser-root PodBrowser-animated"
            >
              Organization
            </label>
            <span />
          </div>
        </div>
        <div
          class="PodBrowser-root PodBrowser-root"
        >
          <label
            class="PodBrowser-root PodBrowser-root PodBrowser-animated"
          >
            Email Addresses
          </label>
          <div
            class="PodBrowser-root PodBrowser-root"
          >
            <table
              class="PodBrowser-table  PodBrowser-table--inherits PodBrowser-table"
              role="table"
            >
              <thead>
                <tr
                  role="row"
                >
                  <th
                    colspan="1"
                    role="columnheader"
                  />
                  <th
                    colspan="1"
                    role="columnheader"
                  />
                  <th
                    colspan="1"
                    role="columnheader"
                  />
                </tr>
              </thead>
              <tbody
                role="rowgroup"
              />
            </table>
          </div>
        </div>
        <div
          class="PodBrowser-root PodBrowser-root"
        >
          <label
            class="PodBrowser-root PodBrowser-root PodBrowser-animated"
          >
            Phone Numbers
          </label>
          <div
            class="PodBrowser-root PodBrowser-root"
          >
            <table
              class="PodBrowser-table  PodBrowser-table--inherits PodBrowser-table"
              role="table"
            >
              <thead>
                <tr
                  role="row"
                >
                  <th
                    colspan="1"
                    role="columnheader"
                  />
                  <th
                    colspan="1"
                    role="columnheader"
                  />
                  <th
                    colspan="1"
                    role="columnheader"
                  />
                </tr>
              </thead>
              <tbody
                role="rowgroup"
              />
            </table>
          </div>
        </div>
      </div>
    </div>
  </div>
</DocumentFragment>
`;
