// Jest Snapshot v1, https://goo.gl/fbAQLP

exports[`Renders an access modal renders a modal when the user clicks on view details button  1`] = `<DocumentFragment />`;

exports[`Renders an access modal setupErrorComponent renders 1`] = `
<DocumentFragment>
  <div
    class="MuiAvatar-root MuiAvatar-circle avatar MuiAvatar-colorDefault"
  >
    <svg
      aria-hidden="true"
      class="MuiSvgIcon-root MuiAvatar-fallback"
      focusable="false"
      viewBox="0 0 24 24"
    >
      <path
        d="M12 12c2.21 0 4-1.79 4-4s-1.79-4-4-4-4 1.79-4 4 1.79 4 4 4zm0 2c-2.67 0-8 1.34-8 4v2h16v-2c0-2.66-5.33-4-8-4z"
      />
    </svg>
  </div>
</DocumentFragment>
`;
