// Jest Snapshot v1, https://goo.gl/fbAQLP

exports[`Purpose Checkbox renders a checkbox 1`] = `
<DocumentFragment>
  <span
    aria-disabled="false"
    class="PodBrowser-root PodBrowser-root PodBrowser-root PodBrowser-root PodBrowser-colorPrimary PodBrowser-root PodBrowser-colorPrimary"
  >
    <span
      class="PodBrowser-label"
    >
      <input
        class="PodBrowser-input"
        data-indeterminate="false"
        data-testid="purpose-checkbox-input"
        name="test"
        type="checkbox"
        value="url"
      />
      <span
        class="PodBrowser-icon"
      />
    </span>
  </span>
</DocumentFragment>
`;
