// Jest Snapshot v1, https://goo.gl/fbAQLP

exports[`Delete button renders a delete button 1`] = `
<DocumentFragment>
  <button
    class="PodBrowser-button"
    data-testid="delete-button"
    type="button"
  />
</DocumentFragment>
`;
