// Jest Snapshot v1, https://goo.gl/fbAQLP

exports[`ContactInfoTable renders a table of contact info 1`] = `
<DocumentFragment>
  <div
    class="PodBrowser-root PodBrowser-root"
  >
    <table
      class="PodBrowser-table  PodBrowser-table--inherits PodBrowser-table"
    >
      <tbody>
        <tr>
          <td>
            <p
              class="PodBrowser-root PodBrowser-body1"
            >
              Home
            </p>
          </td>
          <td>
            <p
              class="PodBrowser-root PodBrowser-body1"
            >
              tel:42-1337
            </p>
          </td>
        </tr>
        <tr>
          <td>
            <p
              class="PodBrowser-root PodBrowser-body1"
            >
              Home
            </p>
          </td>
          <td>
            <p
              class="PodBrowser-root PodBrowser-body1"
            >
              mailto:alice@example.com
            </p>
          </td>
        </tr>
      </tbody>
    </table>
  </div>
</DocumentFragment>
`;

exports[`ContactInfoTable renders an editable table of contact info 1`] = `
<DocumentFragment>
  <div
    class="PodBrowser-root PodBrowser-root"
  >
    <table
      class="PodBrowser-table  PodBrowser-table--inherits PodBrowser-table"
      role="table"
    >
      <thead>
        <tr
          role="row"
        >
          <th
            colspan="1"
            role="columnheader"
          />
          <th
            colspan="1"
            role="columnheader"
          />
          <th
            colspan="1"
            role="columnheader"
          />
        </tr>
      </thead>
      <tbody
        role="rowgroup"
      >
        <tr
          class="PodBrowser-table__body-row"
          role="row"
        >
          <td
            role="cell"
          >
            <p
              class="PodBrowser-root PodBrowser-body1"
              data-testid="profile-email-existing-type"
            />
          </td>
          <td
            role="cell"
          >
            <p
              class="PodBrowser-root PodBrowser-body1"
            >
              <input
                class="PodBrowser-input"
                data-testid="profile-email-existing-value"
                type="url"
                value="mailto:alice@example.com"
              />
            </p>
          </td>
          <td
            role="cell"
          >
            <button
              class="PodBrowser-button PodBrowser-button--secondary"
              data-testid="profile-email-delete-button"
            >
              <span
                class="PodBrowser-button__text"
              >
                Delete
              </span>
            </button>
          </td>
        </tr>
      </tbody>
    </table>
  </div>
  <div
    class="PodBrowser-root PodBrowser-root"
  >
    <div
      class="PodBrowser-root PodBrowser-root"
    >
      <div
        class="PodBrowser-root"
      >
        <div
          class="PodBrowser-root PodBrowser-root PodBrowser-formControl"
          data-testid="profile-email-new-type"
        >
          <div
            aria-haspopup="listbox"
            class="PodBrowser-root PodBrowser-select PodBrowser-selectMenu PodBrowser-outlined PodBrowser-input PodBrowser-input"
            role="button"
            tabindex="0"
          >
            Home
          </div>
          <input
            aria-hidden="true"
            class="PodBrowser-nativeInput"
            tabindex="-1"
            value="http://www.w3.org/2006/vcard/ns#Home"
          />
          <svg
            aria-hidden="true"
            class="PodBrowser-root PodBrowser-icon PodBrowser-iconOutlined"
            focusable="false"
            viewBox="0 0 24 24"
          >
            <path
              d="M7 10l5 5 5-5z"
            />
          </svg>
          <fieldset
            aria-hidden="true"
            class="PodBrowser-root PodBrowser-notchedOutline"
            style="padding-left: 8px;"
          >
            <legend
              class="PodBrowser-legend"
              style="width: 0.01px;"
            >
              <span>
                â€‹
              </span>
            </legend>
          </fieldset>
        </div>
      </div>
    </div>
    <div
      class="PodBrowser-root PodBrowser-root"
    >
      <input
        class="PodBrowser-input"
        data-testid="profile-email-new-value"
        label="Value"
        value=""
      />
    </div>
    <div
      class="PodBrowser-root PodBrowser-root"
    >
      <button
        class="PodBrowser-button PodBrowser-button--secondary"
        data-testid="profile-email-add-button"
      >
        <span
          class="PodBrowser-button__text"
        >
          Add
        </span>
      </button>
    </div>
  </div>
</DocumentFragment>
`;

exports[`setupColumnTypeBody has a fallback if value is not valid 1`] = `
<DocumentFragment>
  <p
    class="MuiTypography-root MuiTypography-body1"
    data-testid="profile-email-existing-type"
    title="invalid"
  >
    invalid
  </p>
</DocumentFragment>
`;

exports[`setupColumnTypeBody sets up body for type 1`] = `
<DocumentFragment>
  <p
    class="MuiTypography-root MuiTypography-body1"
    data-testid="profile-email-existing-type"
    title="http://www.w3.org/2006/vcard/ns#Home"
  >
    Home
  </p>
</DocumentFragment>
`;

exports[`setupColumnValueBody renders for editing mode 1`] = `
<DocumentFragment>
  <p
    class="MuiTypography-root MuiTypography-body1"
  >
    <span>
      Error: Thing not found as property or in context
    </span>
  </p>
</DocumentFragment>
`;

exports[`setupColumnValueBody renders for read-only mode 1`] = `
<DocumentFragment>
  <p
    class="MuiTypography-root MuiTypography-body1"
  >
    <span>
      Error: Thing not found as property or in context
    </span>
  </p>
</DocumentFragment>
`;

exports[`setupDeleteButtonCell renders nothing if not editable 1`] = `<DocumentFragment />`;

exports[`setupDeleteButtonCell returns a button if editable 1`] = `
<DocumentFragment>
  <button
    class="makeStyles-button-1553 makeStyles-button--secondary-1559"
    data-testid="profile-email-delete-button"
  >
    <span
      class="makeStyles-button__text-1557"
    >
      Delete
    </span>
  </button>
</DocumentFragment>
`;
