// Jest Snapshot v1, https://goo.gl/fbAQLP

exports[`Contact show page Renders the Contact show page 1`] = `
<DocumentFragment>
  <div
    class="PodBrowser-container"
  >
    <nav
      class="PodBrowser-back-to-nav"
    >
      <span
        class="PodBrowser-icon-caret-left PodBrowser-back-to-nav__caret"
      />
      <a
        class="PodBrowser-back-to-nav__link"
        href="/contacts"
      >
        Back to contacts
      </a>
    </nav>
  </div>
  <div
    class="PodBrowser-container"
  >
    <div
      class="PodBrowser-root PodBrowser-elevation1 PodBrowser-rounded"
      style="margin-top: 1em;"
    >
      <div
        class="PodBrowser-root PodBrowser-root"
      >
        <div
          class="PodBrowser-root PodBrowser-root"
        >
          <div
            class="PodBrowser-root PodBrowser-root"
          >
            <div
              class="PodBrowser-root PodBrowser-circle PodBrowser-avatar PodBrowser-colorDefault"
            >
              <div
                class="PodBrowser-root PodBrowser-circle PodBrowser-avatar PodBrowser-colorDefault"
              >
                <svg
                  aria-hidden="true"
                  class="PodBrowser-root PodBrowser-fallback"
                  focusable="false"
                  viewBox="0 0 24 24"
                >
                  <path
                    d="M12 12c2.21 0 4-1.79 4-4s-1.79-4-4-4-4 1.79-4 4 1.79 4 4 4zm0 2c-2.67 0-8 1.34-8 4v2h16v-2c0-2.66-5.33-4-8-4z"
                  />
                </svg>
              </div>
            </div>
          </div>
          <div
            class="PodBrowser-root PodBrowser-root"
          >
            <h1
              class="PodBrowser-root PodBrowser-h1"
              data-testid="profile-name-title"
            >
              Alice
            </h1>
            <p
              class="PodBrowser-root PodBrowser-body2"
              data-testid="profile-webid-title"
            >
              http://example.com/webId#me
            </p>
          </div>
        </div>
        <hr />
        <div
          class="PodBrowser-root PodBrowser-root"
        >
          <div
            class="PodBrowser-root PodBrowser-root"
          >
            <label
              class="PodBrowser-root PodBrowser-root PodBrowser-animated"
              data-testid="profile-name-title"
            >
              Name
            </label>
            <span
              data-testid="profile-name-field"
            >
              Alice
            </span>
          </div>
          <div
            class="PodBrowser-root PodBrowser-root"
          >
            <label
              class="PodBrowser-root PodBrowser-root PodBrowser-animated"
            >
              Role
            </label>
            <span>
              Error: No value found for property.
            </span>
          </div>
          <div
            class="PodBrowser-root PodBrowser-root"
          >
            <label
              class="PodBrowser-root PodBrowser-root PodBrowser-animated"
            >
              Organization
            </label>
            <span>
              Error: No value found for property.
            </span>
          </div>
        </div>
        <div
          class="PodBrowser-root PodBrowser-root"
        >
          <label
            class="PodBrowser-root PodBrowser-root PodBrowser-animated"
          >
            Email Addresses
          </label>
          <div
            class="PodBrowser-root PodBrowser-root"
          />
        </div>
        <div
          class="PodBrowser-root PodBrowser-root"
        >
          <label
            class="PodBrowser-root PodBrowser-root PodBrowser-animated"
          >
            Phone Numbers
          </label>
          <div
            class="PodBrowser-root PodBrowser-root"
          />
        </div>
      </div>
    </div>
  </div>
</DocumentFragment>
`;
