// Jest Snapshot v1, https://goo.gl/fbAQLP

exports[`Avatar renders an avatar with a profile picture src is available 1`] = `
<DocumentFragment>
  <div
    class="PodBrowser-root PodBrowser-circular"
  >
    <img
      class="PodBrowser-img"
      src="https://example.org/image.jpg"
    />
  </div>
</DocumentFragment>
`;

exports[`Avatar renders an avatar with a user icon when no src is available 1`] = `
<DocumentFragment>
  <div
    class="PodBrowser-root PodBrowser-circular PodBrowser-colorDefault"
  >
    <span
      class="PodBrowser-icon-user PodBrowser-avatar__icon"
    />
  </div>
</DocumentFragment>
`;
