// Jest Snapshot v1, https://goo.gl/fbAQLP

exports[`PrivacyPage renders empty state if there's no agents to show 1`] = `
<DocumentFragment>
  <div
    class="PodBrowser-tabsContainer"
  >
    <div
      class="PodBrowser-root"
    >
      <div
        class="PodBrowser-scroller PodBrowser-fixed"
        style="overflow: hidden;"
      >
        <div
          aria-label="Filter tabs"
          class="PodBrowser-flexContainer"
          role="tablist"
        >
          <button
            aria-selected="false"
            class="PodBrowser-root PodBrowser-root PodBrowser-tab PodBrowser-textColorInherit"
            data-testid="tab-all"
            role="tab"
            tabindex="-1"
            type="button"
          >
            <span
              class="PodBrowser-wrapper"
            >
              All
            </span>
            <span
              class="PodBrowser-root"
            />
          </button>
          <button
            aria-selected="true"
            class="PodBrowser-root PodBrowser-root PodBrowser-tab PodBrowser-textColorInherit PodBrowser-selected PodBrowser-selected"
            data-testid="tab-people"
            role="tab"
            tabindex="0"
            type="button"
          >
            <span
              class="PodBrowser-wrapper"
            >
              People
            </span>
            <span
              class="PodBrowser-root"
            />
          </button>
          <button
            aria-selected="false"
            class="PodBrowser-root PodBrowser-root PodBrowser-tab PodBrowser-textColorInherit"
            data-testid="tab-apps"
            role="tab"
            tabindex="-1"
            type="button"
          >
            <span
              class="PodBrowser-wrapper"
            >
              Apps
            </span>
            <span
              class="PodBrowser-root"
            />
          </button>
        </div>
        <span
          class="PodBrowser-root PodBrowser-colorSecondary PodBrowser-indicator PodBrowser-indicator"
          style="left: 0px; width: 0px;"
        />
      </div>
    </div>
    <div
      aria-expanded="false"
      class="PodBrowser-root PodBrowser-search PodBrowser-hasClearIcon"
      role="combobox"
    >
      <div
        class="PodBrowser-root PodBrowser-root PodBrowser-marginDense PodBrowser-fullWidth"
      >
        <div
          class="PodBrowser-root PodBrowser-root PodBrowser-fullWidth PodBrowser-formControl PodBrowser-adornedStart PodBrowser-adornedStart PodBrowser-marginDense PodBrowser-marginDense"
        >
          <div
            class="PodBrowser-root PodBrowser-positionStart PodBrowser-marginDense"
          >
            <span
              class="PodBrowser-icon-search"
            />
          </div>
          <input
            aria-autocomplete="list"
            aria-invalid="false"
            autocapitalize="none"
            autocomplete="off"
            class="PodBrowser-input PodBrowser-input PodBrowser-input PodBrowser-inputFocused PodBrowser-inputAdornedStart PodBrowser-inputAdornedStart PodBrowser-inputMarginDense PodBrowser-inputMarginDense"
            data-testid="contacts-search"
            id="ContactsSearch"
            spellcheck="false"
            type="text"
            value=""
          />
          <fieldset
            aria-hidden="true"
            class="PodBrowser-root PodBrowser-notchedOutline"
            style="padding-left: 8px;"
          >
            <legend
              class="PodBrowser-legend"
              style="width: 0.01px;"
            >
              <span>
                â€‹
              </span>
            </legend>
          </fieldset>
        </div>
      </div>
    </div>
  </div>
  <div
    class="PodBrowser-content"
  >
    <div
      class="PodBrowser-container PodBrowser-container--empty"
    >
      <span
        class="PodBrowser-icon-user-shield PodBrowser-icon-large"
      />
      <h1>
        No one else has access to your Pod
      </h1>
      <p>
        When access has been granted to a person or app, they will show up here.
      </p>
    </div>
  </div>
  <a
    href="/privacy/consent/generate"
  >
    Generate consent request
  </a>
</DocumentFragment>
`;
