// Jest Snapshot v1, https://goo.gl/fbAQLP

exports[`BookmarksContext has context data 1`] = `
<DocumentFragment>
  <div
    id="bookmarks"
  >
    no bookmarks
  </div>
</DocumentFragment>
`;
