// Jest Snapshot v1, https://goo.gl/fbAQLP

exports[`Login page renders a login button 1`] = `
<DocumentFragment>
  <div
    class="PodBrowser-login-page"
  >
    <h1
      class="PodBrowser-content-h1 PodBrowser-login-page__title"
    >
      PodBrowser
    </h1>
    <p
      class="PodBrowser-login-page__text"
    >
      View and manage data in your Pod
    </p>
    <div
      class="PodBrowser-login-form"
    >
      <h3
        data-testid="login-title"
      >
        Sign in with
      </h3>
      <img
        alt="Inrupt PodBrowser"
        class="PodBrowser-login-form__logo"
        src="/pod-spaces-logo.svg"
        width="160"
      />
      <form>
        <button
          class="PodBrowser-button PodBrowser-login-form__button"
          data-testid="login-button"
        >
          <span
            class="PodBrowser-button__text"
          >
            Sign In
          </span>
        </button>
      </form>
      <div
        class="PodBrowser-separator__wrap"
      >
        <h2
          class="PodBrowser-separator__centre-line"
        >
          <span>
            Or
          </span>
        </h2>
      </div>
      <button
        class="PodBrowser-button PodBrowser-button--secondary"
        data-testid="other-providers-button"
      >
        <span
          class="PodBrowser-button__text"
        >
          Sign in with other provider
        </span>
        <span
          class="PodBrowser-icon-caret-down PodBrowser-button__icon PodBrowser-button__icon--after"
        />
      </button>
    </div>
    <div
      class="PodBrowser-links-container"
    >
      <div
        class="PodBrowser-links-container__text"
      >
        Need a Pod?
        <a
          class="PodBrowser-links-container__button PodBrowser-button PodBrowser-button--secondary"
          href="https://signup.pod.inrupt.com/"
          variant="secondary"
        >
          Sign up
        </a>
      </div>
      <div
        class="PodBrowser-links-container__list"
      >
        <a
          class="PodBrowser-links-container__link"
          href="https://inrupt.com/terms-of-service"
          rel="noreferrer"
          target="_blank"
        >
          Terms of Use
        </a>
        <a
          class="PodBrowser-links-container__link"
          href="https://inrupt.com/privacy-policy/"
          rel="noreferrer"
          target="_blank"
        >
          Privacy Policy
        </a>
        <a
          class="PodBrowser-links-container__link"
          href="https://inrupt.atlassian.net/servicedesk/customer/portal/7"
          rel="noreferrer"
          target="_blank"
        >
          Help
        </a>
      </div>
    </div>
    <div
      class="PodBrowser-button PodBrowser-widget-button-wrap"
    >
      <button
        class="PodBrowser-button PodBrowser-widget-button"
        data-testid="widget-button"
        type="button"
      >
        Help improve PodBrowser!
      </button>
    </div>
  </div>
</DocumentFragment>
`;
