// Jest Snapshot v1, https://goo.gl/fbAQLP

exports[`AddContact renders the Add Contact form 1`] = `
<DocumentFragment>
  <div
    class="PodBrowser-container"
  >
    <nav
      class="PodBrowser-back-to-nav"
    >
      <span
        class="PodBrowser-icon-caret-left PodBrowser-back-to-nav__caret"
      />
      <a
        class="PodBrowser-back-to-nav__link"
        href="/contacts"
      >
        Back to contacts
      </a>
    </nav>
    <h3>
      Add new contact
    </h3>
    <form
      class="PodBrowser-form"
    >
      <label
        class="PodBrowser-label"
      >
        WebID
      </label>
      <input
        class="PodBrowser-input"
        id="id1"
        pattern="https:\\\\/\\\\/\\\\S+"
        title="Must be a valid URL that starts with https:// and does not contain spaces"
        type="url"
        value=""
      />
      <button
        class="PodBrowser-button"
        data-testid="add-agent-button"
        type="submit"
      >
        <span
          class="PodBrowser-button__text"
        >
          Add Contact
        </span>
      </button>
    </form>
  </div>
</DocumentFragment>
`;
