// Jest Snapshot v1, https://goo.gl/fbAQLP

exports[`ConfirmationDialog Renders a ConfirmationDialog 1`] = `<DocumentFragment />`;
