// Jest Snapshot v1, https://goo.gl/fbAQLP

exports[`Profile page Renders the profile page 1`] = `
<DocumentFragment>
  <span>
    Fetching data...
  </span>
</DocumentFragment>
`;

exports[`Profile page returns null if session request is in progress 1`] = `<DocumentFragment />`;
